
Извлечено 13 накладных

Первые 3:
  ДРН-000012: 4 товаров
  МРН-000002: 25 товаров
  ДРН-000011: 5 товаров

Генерация PDF...

DEBUG: Накладная ДРН-000012: реальная высота=215.0 pt, категория=third, выделено=259.8 pt
DEBUG:   current_page_height=0.0, invoices_on_page=0, AVAILABLE_HEIGHT=785.2
DEBUG:   needed_height=259.8425196850, AVAILABLE=785.1968503937, fits_on_page=True
DEBUG:   -> Размещена. Теперь: current_page_height=259.8, invoices_on_page=1

DEBUG: Накладная МРН-000002: реальная высота=530.0 pt, категория=full, выделено=779.5 pt
DEBUG:   current_page_height=259.8, invoices_on_page=1, AVAILABLE_HEIGHT=785.2
DEBUG:   needed_height=1042.2047244094, AVAILABLE=785.1968503937, fits_on_page=False
DEBUG: >>> НОВАЯ СТРАНИЦА (было 1 накладных, 259.8 pt)
DEBUG:   -> Размещена. Теперь: current_page_height=779.5, invoices_on_page=1

DEBUG: Накладная ДРН-000011: реальная высота=230.0 pt, категория=third, выделено=259.8 pt
DEBUG:   current_page_height=779.5, invoices_on_page=1, AVAILABLE_HEIGHT=785.2
DEBUG:   needed_height=1042.2047244094, AVAILABLE=785.1968503937, fits_on_page=False
DEBUG: >>> НОВАЯ СТРАНИЦА (было 1 накладных, 779.5 pt)
DEBUG:   -> Размещена. Теперь: current_page_height=259.8, invoices_on_page=1

DEBUG: Накладная ДРН-000017: реальная высота=275.0 pt, категория=half, выделено=389.8 pt
DEBUG:   current_page_height=259.8, invoices_on_page=1, AVAILABLE_HEIGHT=785.2
DEBUG:   needed_height=652.4409448819, AVAILABLE=785.1968503937, fits_on_page=True
DEBUG:   -> Размещена. Теперь: current_page_height=652.4, invoices_on_page=2

DEBUG: Накладная ДРН-000018: реальная высота=290.0 pt, категория=half, выделено=389.8 pt
DEBUG:   current_page_height=652.4, invoices_on_page=2, AVAILABLE_HEIGHT=785.2
DEBUG:   needed_height=1045.0393700787, AVAILABLE=785.1968503937, fits_on_page=False
DEBUG: >>> НОВАЯ СТРАНИЦА (было 2 накладных, 652.4 pt)
DEBUG:   -> Размещена. Теперь: current_page_height=389.8, invoices_on_page=1

DEBUG: Накладная ДРН-000019: реальная высота=245.0 pt, категория=third, выделено=259.8 pt
DEBUG:   current_page_height=389.8, invoices_on_page=1, AVAILABLE_HEIGHT=785.2
DEBUG:   needed_height=652.4409448819, AVAILABLE=785.1968503937, fits_on_page=True
DEBUG:   -> Размещена. Теперь: current_page_height=652.4, invoices_on_page=2

DEBUG: Накладная ДРН-000020: реальная высота=245.0 pt, категория=third, выделено=259.8 pt
DEBUG:   current_page_height=652.4, invoices_on_page=2, AVAILABLE_HEIGHT=785.2
DEBUG:   needed_height=915.1181102362, AVAILABLE=785.1968503937, fits_on_page=False
DEBUG: >>> НОВАЯ СТРАНИЦА (было 2 накладных, 652.4 pt)
DEBUG:   -> Размещена. Теперь: current_page_height=259.8, invoices_on_page=1

DEBUG: Накладная ДРН-000021: реальная высота=230.0 pt, категория=third, выделено=259.8 pt
DEBUG:   current_page_height=259.8, invoices_on_page=1, AVAILABLE_HEIGHT=785.2
DEBUG:   needed_height=522.5196850394, AVAILABLE=785.1968503937, fits_on_page=True
DEBUG:   -> Размещена. Теперь: current_page_height=522.5, invoices_on_page=2

DEBUG: Накладная ДРН-000022: реальная высота=215.0 pt, категория=third, выделено=259.8 pt
DEBUG:   current_page_height=522.5, invoices_on_page=2, AVAILABLE_HEIGHT=785.2
DEBUG:   needed_height=785.1968503937, AVAILABLE=785.1968503937, fits_on_page=False
DEBUG: >>> НОВАЯ СТРАНИЦА (было 2 накладных, 522.5 pt)
DEBUG:   -> Размещена. Теперь: current_page_height=259.8, invoices_on_page=1

DEBUG: Накладная ДРН-000024: реальная высота=260.0 pt, категория=half, выделено=389.8 pt
DEBUG:   current_page_height=259.8, invoices_on_page=1, AVAILABLE_HEIGHT=785.2
DEBUG:   needed_height=652.4409448819, AVAILABLE=785.1968503937, fits_on_page=True
DEBUG:   -> Размещена. Теперь: current_page_height=652.4, invoices_on_page=2

DEBUG: Накладная ДРН-000036: реальная высота=170.0 pt, категория=third, выделено=259.8 pt
DEBUG:   current_page_height=652.4, invoices_on_page=2, AVAILABLE_HEIGHT=785.2
DEBUG:   needed_height=915.1181102362, AVAILABLE=785.1968503937, fits_on_page=False
DEBUG: >>> НОВАЯ СТРАНИЦА (было 2 накладных, 652.4 pt)
DEBUG:   -> Размещена. Теперь: current_page_height=259.8, invoices_on_page=1

DEBUG: Накладная ДРН-000037: реальная высота=170.0 pt, категория=third, выделено=259.8 pt
DEBUG:   current_page_height=259.8, invoices_on_page=1, AVAILABLE_HEIGHT=785.2
DEBUG:   needed_height=522.5196850394, AVAILABLE=785.1968503937, fits_on_page=True
DEBUG:   -> Размещена. Теперь: current_page_height=522.5, invoices_on_page=2

DEBUG: Накладная ДРН-000039: реальная высота=170.0 pt, категория=third, выделено=259.8 pt
DEBUG:   current_page_height=522.5, invoices_on_page=2, AVAILABLE_HEIGHT=785.2
DEBUG:   needed_height=785.1968503937, AVAILABLE=785.1968503937, fits_on_page=False
DEBUG: >>> НОВАЯ СТРАНИЦА (было 2 накладных, 522.5 pt)
DEBUG:   -> Размещена. Теперь: current_page_height=259.8, invoices_on_page=1


Результат: C:\Users\andy\Desktop\invoices\output\invoices_08.01.2025.pdf
